<class 'bool'>
>>> type (5+4j)
<class 'complex'>
>>> type (hahaha)
Traceback (most recent call last):
  File "<stdin>", line 1, in <module>
NameError: name 'hahaha' is not defined
>>> type ("haha")
<class 'str'>
>>> type([1,2,3])
<class 'list'>
>>> type((1,2,3))
<class 'tuple'>
>>> type({1,2,3})
<class 'set'>
>>> type({'1':3})
<class 'dict'>
>>> type([1,2,3,'d','f'])
<class 'list'>
>>> type("haha")
<class 'str'>
